src/lib/database.ts(506,15): error TS6133: 'data' is declared but its value is never read.
src/pages/Admin.tsx(16,10): error TS6133: 'showCreateDepartment' is declared but its value is never read.
src/pages/Admin.tsx(16,32): error TS6133: 'setShowCreateDepartment' is declared but its value is never read.
src/pages/Admin.tsx(17,10): error TS6133: 'showCreateBudget' is declared but its value is never read.
src/pages/Admin.tsx(17,28): error TS6133: 'setShowCreateBudget' is declared but its value is never read.
src/pages/Admin.tsx(18,10): error TS6133: 'showAssignUser' is declared but its value is never read.
src/pages/Admin.tsx(18,26): error TS6133: 'setShowAssignUser' is declared but its value is never read.
src/pages/Admin.tsx(19,10): error TS6133: 'selectedDepartment' is declared but its value is never read.
src/pages/Admin.tsx(19,30): error TS6133: 'setSelectedDepartment' is declared but its value is never read.
src/pages/Approvals.tsx(76,9): error TS6133: 'approvedRequests' is declared but its value is never read.
src/pages/Approvals.tsx(220,46): error TS2551: Property 'requester' does not exist on type 'PurchaseRequest'. Did you mean 'requester_id'?
src/pages/Approvals.tsx(221,38): error TS2551: Property 'requester' does not exist on type 'PurchaseRequest'. Did you mean 'requester_id'?
src/pages/Approvals.tsx(221,70): error TS2551: Property 'requester' does not exist on type 'PurchaseRequest'. Did you mean 'requester_id'?
src/pages/Dashboard.tsx(87,9): error TS6133: 'totalSpent' is declared but its value is never read.
src/pages/Requests.tsx(308,32): error TS2551: Property 'requester' does not exist on type 'PurchaseRequest'. Did you mean 'requester_id'?
src/pages/Requests.tsx(309,38): error TS2551: Property 'requester' does not exist on type 'PurchaseRequest'. Did you mean 'requester_id'?
src/pages/Requests.tsx(309,70): error TS2551: Property 'requester' does not exist on type 'PurchaseRequest'. Did you mean 'requester_id'?
